*** Using Compiler 'V5.06 update 5 (build 528)', folder: 'D:\keil5\ARM\ARMCC\Bin'
Build target 'Target 1'
compiling Level.c...
compiling main.c...
compiling Control.c...
linking...
Program Size: Code=10198 RO-data=1858 RW-data=44 ZI-data=1676  
".\Objects\Project.axf" - 0 Error(s), 0 Warning(s).
Build Time Elapsed:  00:00:01
